Analysis & Synthesis report for Lab4_PUTTINTI_Narendhar
Wed Apr  8 12:43:51 2026
Quartus Prime Version 23.1std.0 Build 991 11/28/2023 SC Lite Edition


---------------------
; Table of Contents ;
---------------------
  1. Legal Notice
  2. Analysis & Synthesis Summary
  3. Analysis & Synthesis Settings
  4. Parallel Compilation
  5. Analysis & Synthesis Source Files Read
  6. Analysis & Synthesis Resource Usage Summary
  7. Analysis & Synthesis Resource Utilization by Entity
  8. Analysis & Synthesis RAM Summary
  9. Analysis & Synthesis IP Cores Summary
 10. State Machine - |Lab4_PUTTINTI_Narendhar|Access_Controller:DUT_Access_Controller|Game_Controller:DUT_Game_Controller|State
 11. State Machine - |Lab4_PUTTINTI_Narendhar|Access_Controller:DUT_Access_Controller|Authentication:DUT_Authentication|ROM_Authentication:DUT_ROM_Authentication|State
 12. State Machine - |Lab4_PUTTINTI_Narendhar|Button_Shaper:DUT_Button_Shaper_Password|State
 13. State Machine - |Lab4_PUTTINTI_Narendhar|Button_Shaper:DUT_Button_Shaper_Player|State
 14. Registers Removed During Synthesis
 15. General Register Statistics
 16. Multiplexer Restructuring Statistics (Restructuring Performed)
 17. Source assignments for Access_Controller:DUT_Access_Controller|Authentication:DUT_Authentication|ROM_PSWD:DUT_ROM_PSWD|altsyncram:altsyncram_component|altsyncram_f3h1:auto_generated
 18. Parameter Settings for User Entity Instance: Button_Shaper:DUT_Button_Shaper_Player
 19. Parameter Settings for User Entity Instance: Button_Shaper:DUT_Button_Shaper_Password
 20. Parameter Settings for User Entity Instance: Access_Controller:DUT_Access_Controller|Authentication:DUT_Authentication|ROM_Authentication:DUT_ROM_Authentication
 21. Parameter Settings for User Entity Instance: Access_Controller:DUT_Access_Controller|Authentication:DUT_Authentication|ROM_PSWD:DUT_ROM_PSWD|altsyncram:altsyncram_component
 22. Parameter Settings for User Entity Instance: Access_Controller:DUT_Access_Controller|Game_Controller:DUT_Game_Controller
 23. altsyncram Parameter Settings by Entity Instance
 24. Port Connectivity Checks: "TwoDigitTimer:DUT_Timer|DigitTimer:DUT_DigitTimer_10s"
 25. Post-Synthesis Netlist Statistics for Top Partition
 26. Elapsed Time Per Partition
 27. Analysis & Synthesis Messages



----------------
; Legal Notice ;
----------------
Copyright (C) 2023  Intel Corporation. All rights reserved.
Your use of Intel Corporation's design tools, logic functions 
and other software and tools, and any partner logic 
functions, and any output files from any of the foregoing 
(including device programming or simulation files), and any 
associated documentation or information are expressly subject 
to the terms and conditions of the Intel Program License 
Subscription Agreement, the Intel Quartus Prime License Agreement,
the Intel FPGA IP License Agreement, or other applicable license
agreement, including, without limitation, that your use is for
the sole purpose of programming logic devices manufactured by
Intel and sold by Intel or its authorized distributors.  Please
refer to the applicable agreement for further details, at
https://fpgasoftware.intel.com/eula.



+----------------------------------------------------------------------------------+
; Analysis & Synthesis Summary                                                     ;
+---------------------------------+------------------------------------------------+
; Analysis & Synthesis Status     ; Successful - Wed Apr  8 12:43:51 2026          ;
; Quartus Prime Version           ; 23.1std.0 Build 991 11/28/2023 SC Lite Edition ;
; Revision Name                   ; Lab4_PUTTINTI_Narendhar                        ;
; Top-level Entity Name           ; Lab4_PUTTINTI_Narendhar                        ;
; Family                          ; Cyclone V                                      ;
; Logic utilization (in ALMs)     ; N/A                                            ;
; Total registers                 ; 86                                             ;
; Total pins                      ; 52                                             ;
; Total virtual pins              ; 0                                              ;
; Total block memory bits         ; 16                                             ;
; Total DSP Blocks                ; 0                                              ;
; Total HSSI RX PCSs              ; 0                                              ;
; Total HSSI PMA RX Deserializers ; 0                                              ;
; Total HSSI TX PCSs              ; 0                                              ;
; Total HSSI PMA TX Serializers   ; 0                                              ;
; Total PLLs                      ; 0                                              ;
; Total DLLs                      ; 0                                              ;
+---------------------------------+------------------------------------------------+


+-------------------------------------------------------------------------------------------------------------------------------------+
; Analysis & Synthesis Settings                                                                                                       ;
+---------------------------------------------------------------------------------+-------------------------+-------------------------+
; Option                                                                          ; Setting                 ; Default Value           ;
+---------------------------------------------------------------------------------+-------------------------+-------------------------+
; Device                                                                          ; 5CEBA4F23C7             ;                         ;
; Top-level entity name                                                           ; Lab4_PUTTINTI_Narendhar ; Lab4_PUTTINTI_Narendhar ;
; Family name                                                                     ; Cyclone V               ; Cyclone V               ;
; Use smart compilation                                                           ; Off                     ; Off                     ;
; Enable parallel Assembler and Timing Analyzer during compilation                ; On                      ; On                      ;
; Enable compact report table                                                     ; Off                     ; Off                     ;
; Restructure Multiplexers                                                        ; Auto                    ; Auto                    ;
; MLAB Add Timing Constraints For Mixed-Port Feed-Through Mode Setting Don't Care ; Off                     ; Off                     ;
; Create Debugging Nodes for IP Cores                                             ; Off                     ; Off                     ;
; Preserve fewer node names                                                       ; On                      ; On                      ;
; Intel FPGA IP Evaluation Mode                                                   ; Enable                  ; Enable                  ;
; Verilog Version                                                                 ; Verilog_2001            ; Verilog_2001            ;
; VHDL Version                                                                    ; VHDL_1993               ; VHDL_1993               ;
; State Machine Processing                                                        ; Auto                    ; Auto                    ;
; Safe State Machine                                                              ; Off                     ; Off                     ;
; Extract Verilog State Machines                                                  ; On                      ; On                      ;
; Extract VHDL State Machines                                                     ; On                      ; On                      ;
; Ignore Verilog initial constructs                                               ; Off                     ; Off                     ;
; Iteration limit for constant Verilog loops                                      ; 5000                    ; 5000                    ;
; Iteration limit for non-constant Verilog loops                                  ; 250                     ; 250                     ;
; Add Pass-Through Logic to Inferred RAMs                                         ; On                      ; On                      ;
; Infer RAMs from Raw Logic                                                       ; On                      ; On                      ;
; Parallel Synthesis                                                              ; On                      ; On                      ;
; DSP Block Balancing                                                             ; Auto                    ; Auto                    ;
; NOT Gate Push-Back                                                              ; On                      ; On                      ;
; Power-Up Don't Care                                                             ; On                      ; On                      ;
; Remove Redundant Logic Cells                                                    ; Off                     ; Off                     ;
; Remove Duplicate Registers                                                      ; On                      ; On                      ;
; Ignore CARRY Buffers                                                            ; Off                     ; Off                     ;
; Ignore CASCADE Buffers                                                          ; Off                     ; Off                     ;
; Ignore GLOBAL Buffers                                                           ; Off                     ; Off                     ;
; Ignore ROW GLOBAL Buffers                                                       ; Off                     ; Off                     ;
; Ignore LCELL Buffers                                                            ; Off                     ; Off                     ;
; Ignore SOFT Buffers                                                             ; On                      ; On                      ;
; Limit AHDL Integers to 32 Bits                                                  ; Off                     ; Off                     ;
; Optimization Technique                                                          ; Balanced                ; Balanced                ;
; Carry Chain Length                                                              ; 70                      ; 70                      ;
; Auto Carry Chains                                                               ; On                      ; On                      ;
; Auto Open-Drain Pins                                                            ; On                      ; On                      ;
; Perform WYSIWYG Primitive Resynthesis                                           ; Off                     ; Off                     ;
; Auto ROM Replacement                                                            ; On                      ; On                      ;
; Auto RAM Replacement                                                            ; On                      ; On                      ;
; Auto DSP Block Replacement                                                      ; On                      ; On                      ;
; Auto Shift Register Replacement                                                 ; Auto                    ; Auto                    ;
; Allow Shift Register Merging across Hierarchies                                 ; Auto                    ; Auto                    ;
; Auto Clock Enable Replacement                                                   ; On                      ; On                      ;
; Strict RAM Replacement                                                          ; Off                     ; Off                     ;
; Allow Synchronous Control Signals                                               ; On                      ; On                      ;
; Force Use of Synchronous Clear Signals                                          ; Off                     ; Off                     ;
; Auto Resource Sharing                                                           ; Off                     ; Off                     ;
; Allow Any RAM Size For Recognition                                              ; Off                     ; Off                     ;
; Allow Any ROM Size For Recognition                                              ; Off                     ; Off                     ;
; Allow Any Shift Register Size For Recognition                                   ; Off                     ; Off                     ;
; Use LogicLock Constraints during Resource Balancing                             ; On                      ; On                      ;
; Ignore translate_off and synthesis_off directives                               ; Off                     ; Off                     ;
; Timing-Driven Synthesis                                                         ; On                      ; On                      ;
; Report Parameter Settings                                                       ; On                      ; On                      ;
; Report Source Assignments                                                       ; On                      ; On                      ;
; Report Connectivity Checks                                                      ; On                      ; On                      ;
; Ignore Maximum Fan-Out Assignments                                              ; Off                     ; Off                     ;
; Synchronization Register Chain Length                                           ; 3                       ; 3                       ;
; Power Optimization During Synthesis                                             ; Normal compilation      ; Normal compilation      ;
; HDL message level                                                               ; Level2                  ; Level2                  ;
; Suppress Register Optimization Related Messages                                 ; Off                     ; Off                     ;
; Number of Removed Registers Reported in Synthesis Report                        ; 5000                    ; 5000                    ;
; Number of Swept Nodes Reported in Synthesis Report                              ; 5000                    ; 5000                    ;
; Number of Inverted Registers Reported in Synthesis Report                       ; 100                     ; 100                     ;
; Clock MUX Protection                                                            ; On                      ; On                      ;
; Auto Gated Clock Conversion                                                     ; Off                     ; Off                     ;
; Block Design Naming                                                             ; Auto                    ; Auto                    ;
; SDC constraint protection                                                       ; Off                     ; Off                     ;
; Synthesis Effort                                                                ; Auto                    ; Auto                    ;
; Shift Register Replacement - Allow Asynchronous Clear Signal                    ; On                      ; On                      ;
; Pre-Mapping Resynthesis Optimization                                            ; Off                     ; Off                     ;
; Analysis & Synthesis Message Level                                              ; Medium                  ; Medium                  ;
; Disable Register Merging Across Hierarchies                                     ; Auto                    ; Auto                    ;
; Resource Aware Inference For Block RAM                                          ; On                      ; On                      ;
; Automatic Parallel Synthesis                                                    ; On                      ; On                      ;
; Partial Reconfiguration Bitstream ID                                            ; Off                     ; Off                     ;
+---------------------------------------------------------------------------------+-------------------------+-------------------------+


+------------------------------------------+
; Parallel Compilation                     ;
+----------------------------+-------------+
; Processors                 ; Number      ;
+----------------------------+-------------+
; Number detected on machine ; 4           ;
; Maximum allowed            ; 2           ;
;                            ;             ;
; Average used               ; 1.00        ;
; Maximum used               ; 2           ;
;                            ;             ;
; Usage by Processor         ; % Time Used ;
;     Processor 1            ; 100.0%      ;
;     Processor 2            ;   0.0%      ;
+----------------------------+-------------+


+--------------------------------------------------------------------------------------------------------------------------------------------------------------------------------------------------------+
; Analysis & Synthesis Source Files Read                                                                                                                                                                 ;
+----------------------------------+-----------------+---------------------------------------+-------------------------------------------------------------------------------------------------+---------+
; File Name with User-Entered Path ; Used in Netlist ; File Type                             ; File Name with Absolute Path                                                                    ; Library ;
+----------------------------------+-----------------+---------------------------------------+-------------------------------------------------------------------------------------------------+---------+
; ../src/Counter_LFSR.v            ; yes             ; User Verilog HDL File                 ; C:/Users/chima/OneDrive/Desktop/ADD_LAB/Lab4_PUTTINTI_Narendhar/src/Counter_LFSR.v              ;         ;
; ../src/Verify_Sum.v              ; yes             ; User Verilog HDL File                 ; C:/Users/chima/OneDrive/Desktop/ADD_LAB/Lab4_PUTTINTI_Narendhar/src/Verify_Sum.v                ;         ;
; ../src/TwoDigitTimer.v           ; yes             ; User Verilog HDL File                 ; C:/Users/chima/OneDrive/Desktop/ADD_LAB/Lab4_PUTTINTI_Narendhar/src/TwoDigitTimer.v             ;         ;
; ../src/Timer1ms_LFSR.v           ; yes             ; User Verilog HDL File                 ; C:/Users/chima/OneDrive/Desktop/ADD_LAB/Lab4_PUTTINTI_Narendhar/src/Timer1ms_LFSR.v             ;         ;
; ../src/ROM_Authentication.v      ; yes             ; User Verilog HDL File                 ; C:/Users/chima/OneDrive/Desktop/ADD_LAB/Lab4_PUTTINTI_Narendhar/src/ROM_Authentication.v        ;         ;
; ../src/RNG.v                     ; yes             ; User Verilog HDL File                 ; C:/Users/chima/OneDrive/Desktop/ADD_LAB/Lab4_PUTTINTI_Narendhar/src/RNG.v                       ;         ;
; ../src/OneSecTimer.v             ; yes             ; User Verilog HDL File                 ; C:/Users/chima/OneDrive/Desktop/ADD_LAB/Lab4_PUTTINTI_Narendhar/src/OneSecTimer.v               ;         ;
; ../src/LoadRegister.v            ; yes             ; User Verilog HDL File                 ; C:/Users/chima/OneDrive/Desktop/ADD_LAB/Lab4_PUTTINTI_Narendhar/src/LoadRegister.v              ;         ;
; ../src/Lab4_PUTTINTI_Narendhar.v ; yes             ; User Verilog HDL File                 ; C:/Users/chima/OneDrive/Desktop/ADD_LAB/Lab4_PUTTINTI_Narendhar/src/Lab4_PUTTINTI_Narendhar.v   ;         ;
; ../src/HundredmsTimer.v          ; yes             ; User Verilog HDL File                 ; C:/Users/chima/OneDrive/Desktop/ADD_LAB/Lab4_PUTTINTI_Narendhar/src/HundredmsTimer.v            ;         ;
; ../src/Game_Controller.v         ; yes             ; User Verilog HDL File                 ; C:/Users/chima/OneDrive/Desktop/ADD_LAB/Lab4_PUTTINTI_Narendhar/src/Game_Controller.v           ;         ;
; ../src/DigitTimer.v              ; yes             ; User Verilog HDL File                 ; C:/Users/chima/OneDrive/Desktop/ADD_LAB/Lab4_PUTTINTI_Narendhar/src/DigitTimer.v                ;         ;
; ../src/Decoder_7seg.v            ; yes             ; User Verilog HDL File                 ; C:/Users/chima/OneDrive/Desktop/ADD_LAB/Lab4_PUTTINTI_Narendhar/src/Decoder_7seg.v              ;         ;
; ../src/CountTo100.v              ; yes             ; User Verilog HDL File                 ; C:/Users/chima/OneDrive/Desktop/ADD_LAB/Lab4_PUTTINTI_Narendhar/src/CountTo100.v                ;         ;
; ../src/CountTo10.v               ; yes             ; User Verilog HDL File                 ; C:/Users/chima/OneDrive/Desktop/ADD_LAB/Lab4_PUTTINTI_Narendhar/src/CountTo10.v                 ;         ;
; ../src/Button_Shaper.v           ; yes             ; User Verilog HDL File                 ; C:/Users/chima/OneDrive/Desktop/ADD_LAB/Lab4_PUTTINTI_Narendhar/src/Button_Shaper.v             ;         ;
; ../src/Authentication.v          ; yes             ; User Verilog HDL File                 ; C:/Users/chima/OneDrive/Desktop/ADD_LAB/Lab4_PUTTINTI_Narendhar/src/Authentication.v            ;         ;
; ../src/Adder.v                   ; yes             ; User Verilog HDL File                 ; C:/Users/chima/OneDrive/Desktop/ADD_LAB/Lab4_PUTTINTI_Narendhar/src/Adder.v                     ;         ;
; ../src/Access_Controller.v       ; yes             ; User Verilog HDL File                 ; C:/Users/chima/OneDrive/Desktop/ADD_LAB/Lab4_PUTTINTI_Narendhar/src/Access_Controller.v         ;         ;
; Lab4_PUTTINTI_Narendhar.hex      ; yes             ; User Hexadecimal (Intel-Format) File  ; C:/Users/chima/OneDrive/Desktop/ADD_LAB/Lab4_PUTTINTI_Narendhar/syn/Lab4_PUTTINTI_Narendhar.hex ;         ;
; ROM_PSWD.v                       ; yes             ; User Wizard-Generated File            ; C:/Users/chima/OneDrive/Desktop/ADD_LAB/Lab4_PUTTINTI_Narendhar/syn/ROM_PSWD.v                  ;         ;
; altsyncram.tdf                   ; yes             ; Megafunction                          ; c:/intelfpga_lite/23.1std/quartus/libraries/megafunctions/altsyncram.tdf                        ;         ;
; stratix_ram_block.inc            ; yes             ; Megafunction                          ; c:/intelfpga_lite/23.1std/quartus/libraries/megafunctions/stratix_ram_block.inc                 ;         ;
; lpm_mux.inc                      ; yes             ; Megafunction                          ; c:/intelfpga_lite/23.1std/quartus/libraries/megafunctions/lpm_mux.inc                           ;         ;
; lpm_decode.inc                   ; yes             ; Megafunction                          ; c:/intelfpga_lite/23.1std/quartus/libraries/megafunctions/lpm_decode.inc                        ;         ;
; aglobal231.inc                   ; yes             ; Megafunction                          ; c:/intelfpga_lite/23.1std/quartus/libraries/megafunctions/aglobal231.inc                        ;         ;
; a_rdenreg.inc                    ; yes             ; Megafunction                          ; c:/intelfpga_lite/23.1std/quartus/libraries/megafunctions/a_rdenreg.inc                         ;         ;
; altrom.inc                       ; yes             ; Megafunction                          ; c:/intelfpga_lite/23.1std/quartus/libraries/megafunctions/altrom.inc                            ;         ;
; altram.inc                       ; yes             ; Megafunction                          ; c:/intelfpga_lite/23.1std/quartus/libraries/megafunctions/altram.inc                            ;         ;
; altdpram.inc                     ; yes             ; Megafunction                          ; c:/intelfpga_lite/23.1std/quartus/libraries/megafunctions/altdpram.inc                          ;         ;
; db/altsyncram_f3h1.tdf           ; yes             ; Auto-Generated Megafunction           ; C:/Users/chima/OneDrive/Desktop/ADD_LAB/Lab4_PUTTINTI_Narendhar/syn/db/altsyncram_f3h1.tdf      ;         ;
+----------------------------------+-----------------+---------------------------------------+-------------------------------------------------------------------------------------------------+---------+


+---------------------------------------------------------+
; Analysis & Synthesis Resource Usage Summary             ;
+---------------------------------------------+-----------+
; Resource                                    ; Usage     ;
+---------------------------------------------+-----------+
; Estimate of Logic utilization (ALMs needed) ; 79        ;
;                                             ;           ;
; Combinational ALUT usage for logic          ; 143       ;
;     -- 7 input functions                    ; 0         ;
;     -- 6 input functions                    ; 14        ;
;     -- 5 input functions                    ; 18        ;
;     -- 4 input functions                    ; 60        ;
;     -- <=3 input functions                  ; 51        ;
;                                             ;           ;
; Dedicated logic registers                   ; 86        ;
;                                             ;           ;
; I/O pins                                    ; 52        ;
; Total MLAB memory bits                      ; 0         ;
; Total block memory bits                     ; 16        ;
;                                             ;           ;
; Total DSP Blocks                            ; 0         ;
;                                             ;           ;
; Maximum fan-out node                        ; clk~input ;
; Maximum fan-out                             ; 90        ;
; Total fan-out                               ; 875       ;
; Average fan-out                             ; 2.60      ;
+---------------------------------------------+-----------+


+--------------------------------------------------------------------------------------------------------------------------------------------------------------------------------------------------------------------------------------------------------------------------------------------------------------------------------------------------------------------------------------------------+
; Analysis & Synthesis Resource Utilization by Entity                                                                                                                                                                                                                                                                                                                                              ;
+------------------------------------------------------+---------------------+---------------------------+-------------------+------------+------+--------------+-----------------------------------------------------------------------------------------------------------------------------------------------------------------------------------------+-------------------------+--------------+
; Compilation Hierarchy Node                           ; Combinational ALUTs ; Dedicated Logic Registers ; Block Memory Bits ; DSP Blocks ; Pins ; Virtual Pins ; Full Hierarchy Name                                                                                                                                                                     ; Entity Name             ; Library Name ;
+------------------------------------------------------+---------------------+---------------------------+-------------------+------------+------+--------------+-----------------------------------------------------------------------------------------------------------------------------------------------------------------------------------------+-------------------------+--------------+
; |Lab4_PUTTINTI_Narendhar                             ; 143 (0)             ; 86 (0)                    ; 16                ; 0          ; 52   ; 0            ; |Lab4_PUTTINTI_Narendhar                                                                                                                                                                ; Lab4_PUTTINTI_Narendhar ; work         ;
;    |Access_Controller:DUT_Access_Controller|         ; 33 (0)              ; 33 (0)                    ; 16                ; 0          ; 0    ; 0            ; |Lab4_PUTTINTI_Narendhar|Access_Controller:DUT_Access_Controller                                                                                                                        ; Access_Controller       ; work         ;
;       |Authentication:DUT_Authentication|            ; 23 (0)              ; 22 (0)                    ; 16                ; 0          ; 0    ; 0            ; |Lab4_PUTTINTI_Narendhar|Access_Controller:DUT_Access_Controller|Authentication:DUT_Authentication                                                                                      ; Authentication          ; work         ;
;          |ROM_Authentication:DUT_ROM_Authentication| ; 23 (23)             ; 22 (22)                   ; 0                 ; 0          ; 0    ; 0            ; |Lab4_PUTTINTI_Narendhar|Access_Controller:DUT_Access_Controller|Authentication:DUT_Authentication|ROM_Authentication:DUT_ROM_Authentication                                            ; ROM_Authentication      ; work         ;
;          |ROM_PSWD:DUT_ROM_PSWD|                     ; 0 (0)               ; 0 (0)                     ; 16                ; 0          ; 0    ; 0            ; |Lab4_PUTTINTI_Narendhar|Access_Controller:DUT_Access_Controller|Authentication:DUT_Authentication|ROM_PSWD:DUT_ROM_PSWD                                                                ; ROM_PSWD                ; work         ;
;             |altsyncram:altsyncram_component|        ; 0 (0)               ; 0 (0)                     ; 16                ; 0          ; 0    ; 0            ; |Lab4_PUTTINTI_Narendhar|Access_Controller:DUT_Access_Controller|Authentication:DUT_Authentication|ROM_PSWD:DUT_ROM_PSWD|altsyncram:altsyncram_component                                ; altsyncram              ; work         ;
;                |altsyncram_f3h1:auto_generated|      ; 0 (0)               ; 0 (0)                     ; 16                ; 0          ; 0    ; 0            ; |Lab4_PUTTINTI_Narendhar|Access_Controller:DUT_Access_Controller|Authentication:DUT_Authentication|ROM_PSWD:DUT_ROM_PSWD|altsyncram:altsyncram_component|altsyncram_f3h1:auto_generated ; altsyncram_f3h1         ; work         ;
;       |Game_Controller:DUT_Game_Controller|          ; 10 (10)             ; 11 (11)                   ; 0                 ; 0          ; 0    ; 0            ; |Lab4_PUTTINTI_Narendhar|Access_Controller:DUT_Access_Controller|Game_Controller:DUT_Game_Controller                                                                                    ; Game_Controller         ; work         ;
;    |Adder:Adder_Sum|                                 ; 4 (4)               ; 0 (0)                     ; 0                 ; 0          ; 0    ; 0            ; |Lab4_PUTTINTI_Narendhar|Adder:Adder_Sum                                                                                                                                                ; Adder                   ; work         ;
;    |Button_Shaper:DUT_Button_Shaper_Password|        ; 2 (2)               ; 2 (2)                     ; 0                 ; 0          ; 0    ; 0            ; |Lab4_PUTTINTI_Narendhar|Button_Shaper:DUT_Button_Shaper_Password                                                                                                                       ; Button_Shaper           ; work         ;
;    |Button_Shaper:DUT_Button_Shaper_Player|          ; 2 (2)               ; 2 (2)                     ; 0                 ; 0          ; 0    ; 0            ; |Lab4_PUTTINTI_Narendhar|Button_Shaper:DUT_Button_Shaper_Player                                                                                                                         ; Button_Shaper           ; work         ;
;    |Decoder_7seg:Decoder_Player|                     ; 7 (7)               ; 0 (0)                     ; 0                 ; 0          ; 0    ; 0            ; |Lab4_PUTTINTI_Narendhar|Decoder_7seg:Decoder_Player                                                                                                                                    ; Decoder_7seg            ; work         ;
;    |Decoder_7seg:Decoder_RNG|                        ; 7 (7)               ; 0 (0)                     ; 0                 ; 0          ; 0    ; 0            ; |Lab4_PUTTINTI_Narendhar|Decoder_7seg:Decoder_RNG                                                                                                                                       ; Decoder_7seg            ; work         ;
;    |Decoder_7seg:Decoder_Sum|                        ; 7 (7)               ; 0 (0)                     ; 0                 ; 0          ; 0    ; 0            ; |Lab4_PUTTINTI_Narendhar|Decoder_7seg:Decoder_Sum                                                                                                                                       ; Decoder_7seg            ; work         ;
;    |Decoder_7seg:Decoder_Timer10s|                   ; 7 (7)               ; 0 (0)                     ; 0                 ; 0          ; 0    ; 0            ; |Lab4_PUTTINTI_Narendhar|Decoder_7seg:Decoder_Timer10s                                                                                                                                  ; Decoder_7seg            ; work         ;
;    |Decoder_7seg:Decoder_Timer1s|                    ; 7 (7)               ; 0 (0)                     ; 0                 ; 0          ; 0    ; 0            ; |Lab4_PUTTINTI_Narendhar|Decoder_7seg:Decoder_Timer1s                                                                                                                                   ; Decoder_7seg            ; work         ;
;    |LoadRegister:DUT_LoadRegister|                   ; 5 (5)               ; 4 (4)                     ; 0                 ; 0          ; 0    ; 0            ; |Lab4_PUTTINTI_Narendhar|LoadRegister:DUT_LoadRegister                                                                                                                                  ; LoadRegister            ; work         ;
;    |RNG:DUT_RNG|                                     ; 5 (0)               ; 4 (0)                     ; 0                 ; 0          ; 0    ; 0            ; |Lab4_PUTTINTI_Narendhar|RNG:DUT_RNG                                                                                                                                                    ; RNG                     ; work         ;
;       |Counter_LFSR:DUT_Counter_LFSR|                ; 5 (5)               ; 4 (4)                     ; 0                 ; 0          ; 0    ; 0            ; |Lab4_PUTTINTI_Narendhar|RNG:DUT_RNG|Counter_LFSR:DUT_Counter_LFSR                                                                                                                      ; Counter_LFSR            ; work         ;
;    |TwoDigitTimer:DUT_Timer|                         ; 56 (0)              ; 41 (0)                    ; 0                 ; 0          ; 0    ; 0            ; |Lab4_PUTTINTI_Narendhar|TwoDigitTimer:DUT_Timer                                                                                                                                        ; TwoDigitTimer           ; work         ;
;       |DigitTimer:DUT_DigitTimer_10s|                ; 7 (7)               ; 5 (5)                     ; 0                 ; 0          ; 0    ; 0            ; |Lab4_PUTTINTI_Narendhar|TwoDigitTimer:DUT_Timer|DigitTimer:DUT_DigitTimer_10s                                                                                                          ; DigitTimer              ; work         ;
;       |DigitTimer:DUT_DigitTimer_1s|                 ; 11 (11)             ; 6 (6)                     ; 0                 ; 0          ; 0    ; 0            ; |Lab4_PUTTINTI_Narendhar|TwoDigitTimer:DUT_Timer|DigitTimer:DUT_DigitTimer_1s                                                                                                           ; DigitTimer              ; work         ;
;       |OneSecTimer:DUT_OneSecTimer|                  ; 38 (0)              ; 30 (0)                    ; 0                 ; 0          ; 0    ; 0            ; |Lab4_PUTTINTI_Narendhar|TwoDigitTimer:DUT_Timer|OneSecTimer:DUT_OneSecTimer                                                                                                            ; OneSecTimer             ; work         ;
;          |CountTo10:DUT_CountTo10|                   ; 6 (6)               ; 5 (5)                     ; 0                 ; 0          ; 0    ; 0            ; |Lab4_PUTTINTI_Narendhar|TwoDigitTimer:DUT_Timer|OneSecTimer:DUT_OneSecTimer|CountTo10:DUT_CountTo10                                                                                    ; CountTo10               ; work         ;
;          |HundredmsTimer:DUT_HundredmsTimer|         ; 32 (0)              ; 25 (0)                    ; 0                 ; 0          ; 0    ; 0            ; |Lab4_PUTTINTI_Narendhar|TwoDigitTimer:DUT_Timer|OneSecTimer:DUT_OneSecTimer|HundredmsTimer:DUT_HundredmsTimer                                                                          ; HundredmsTimer          ; work         ;
;             |CountTo100:DUT_CountTo100|              ; 11 (11)             ; 8 (8)                     ; 0                 ; 0          ; 0    ; 0            ; |Lab4_PUTTINTI_Narendhar|TwoDigitTimer:DUT_Timer|OneSecTimer:DUT_OneSecTimer|HundredmsTimer:DUT_HundredmsTimer|CountTo100:DUT_CountTo100                                                ; CountTo100              ; work         ;
;             |Timer1ms_LFSR:DUT_Timer1ms_LFSR|        ; 21 (21)             ; 17 (17)                   ; 0                 ; 0          ; 0    ; 0            ; |Lab4_PUTTINTI_Narendhar|TwoDigitTimer:DUT_Timer|OneSecTimer:DUT_OneSecTimer|HundredmsTimer:DUT_HundredmsTimer|Timer1ms_LFSR:DUT_Timer1ms_LFSR                                          ; Timer1ms_LFSR           ; work         ;
;    |Verify_Sum:DUT_Verify_Sum|                       ; 1 (1)               ; 0 (0)                     ; 0                 ; 0          ; 0    ; 0            ; |Lab4_PUTTINTI_Narendhar|Verify_Sum:DUT_Verify_Sum                                                                                                                                      ; Verify_Sum              ; work         ;
+------------------------------------------------------+---------------------+---------------------------+-------------------+------------+------+--------------+-----------------------------------------------------------------------------------------------------------------------------------------------------------------------------------------+-------------------------+--------------+
Note: For table entries with two numbers listed, the numbers in parentheses indicate the number of resources of the given type used by the specific entity alone. The numbers listed outside of parentheses indicate the total resources of the given type used by the specific entity and all of its sub-entities in the hierarchy.


+------------------------------------------------------------------------------------------------------------------------------------------------------------------------------------------------------------------------------------------------------------------------------------------+
; Analysis & Synthesis RAM Summary                                                                                                                                                                                                                                                         ;
+---------------------------------------------------------------------------------------------------------------------------------------------------------------------------+------+------+--------------+--------------+--------------+--------------+------+-----------------------------+
; Name                                                                                                                                                                      ; Type ; Mode ; Port A Depth ; Port A Width ; Port B Depth ; Port B Width ; Size ; MIF                         ;
+---------------------------------------------------------------------------------------------------------------------------------------------------------------------------+------+------+--------------+--------------+--------------+--------------+------+-----------------------------+
; Access_Controller:DUT_Access_Controller|Authentication:DUT_Authentication|ROM_PSWD:DUT_ROM_PSWD|altsyncram:altsyncram_component|altsyncram_f3h1:auto_generated|ALTSYNCRAM ; AUTO ; ROM  ; 32           ; 4            ; --           ; --           ; 128  ; Lab4_PUTTINTI_Narendhar.hex ;
+---------------------------------------------------------------------------------------------------------------------------------------------------------------------------+------+------+--------------+--------------+--------------+--------------+------+-----------------------------+


+------------------------------------------------------------------------------------------------------------------------------------------------------------------------------------------------------------+
; Analysis & Synthesis IP Cores Summary                                                                                                                                                                      ;
+--------+--------------+---------+--------------+--------------+--------------------------------------------------------------------------------------------------------------------------+-----------------+
; Vendor ; IP Core Name ; Version ; Release Date ; License Type ; Entity Instance                                                                                                          ; IP Include File ;
+--------+--------------+---------+--------------+--------------+--------------------------------------------------------------------------------------------------------------------------+-----------------+
; Altera ; ROM: 1-PORT  ; 23.1    ; N/A          ; N/A          ; |Lab4_PUTTINTI_Narendhar|Access_Controller:DUT_Access_Controller|Authentication:DUT_Authentication|ROM_PSWD:DUT_ROM_PSWD ; ROM_PSWD.v      ;
+--------+--------------+---------+--------------+--------------+--------------------------------------------------------------------------------------------------------------------------+-----------------+


Encoding Type:  One-Hot
+-------------------------------------------------------------------------------------------------------------------------------+
; State Machine - |Lab4_PUTTINTI_Narendhar|Access_Controller:DUT_Access_Controller|Game_Controller:DUT_Game_Controller|State    ;
+---------------------+------------------+----------------+----------------+-----------------+---------------------+------------+
; Name                ; State.LOGOUTWAIT ; State.GAMEOVER ; State.GAMEPLAY ; State.GAMESTART ; State.RECONFIGTIMER ; State.INIT ;
+---------------------+------------------+----------------+----------------+-----------------+---------------------+------------+
; State.INIT          ; 0                ; 0              ; 0              ; 0               ; 0                   ; 0          ;
; State.RECONFIGTIMER ; 0                ; 0              ; 0              ; 0               ; 1                   ; 1          ;
; State.GAMESTART     ; 0                ; 0              ; 0              ; 1               ; 0                   ; 1          ;
; State.GAMEPLAY      ; 0                ; 0              ; 1              ; 0               ; 0                   ; 1          ;
; State.GAMEOVER      ; 0                ; 1              ; 0              ; 0               ; 0                   ; 1          ;
; State.LOGOUTWAIT    ; 1                ; 0              ; 0              ; 0               ; 0                   ; 1          ;
+---------------------+------------------+----------------+----------------+-----------------+---------------------+------------+


Encoding Type:  One-Hot
+---------------------------------------------------------------------------------------------------------------------------------------------------------------------------------------------+
; State Machine - |Lab4_PUTTINTI_Narendhar|Access_Controller:DUT_Access_Controller|Authentication:DUT_Authentication|ROM_Authentication:DUT_ROM_Authentication|State                          ;
+--------------------+---------------+--------------+--------------------+---------------+----------------+---------------+---------------+------------------+-------------------+------------+
; Name               ; State.SUCCESS ; State.VERIFY ; State.CHECK4DIGITS ; State.COMPARE ; State.ROMCATCH ; State.ROMCYC2 ; State.ROMCYC1 ; State.FETCHROMWD ; State.CHECKBUTTON ; State.INIT ;
+--------------------+---------------+--------------+--------------------+---------------+----------------+---------------+---------------+------------------+-------------------+------------+
; State.INIT         ; 0             ; 0            ; 0                  ; 0             ; 0              ; 0             ; 0             ; 0                ; 0                 ; 0          ;
; State.CHECKBUTTON  ; 0             ; 0            ; 0                  ; 0             ; 0              ; 0             ; 0             ; 0                ; 1                 ; 1          ;
; State.FETCHROMWD   ; 0             ; 0            ; 0                  ; 0             ; 0              ; 0             ; 0             ; 1                ; 0                 ; 1          ;
; State.ROMCYC1      ; 0             ; 0            ; 0                  ; 0             ; 0              ; 0             ; 1             ; 0                ; 0                 ; 1          ;
; State.ROMCYC2      ; 0             ; 0            ; 0                  ; 0             ; 0              ; 1             ; 0             ; 0                ; 0                 ; 1          ;
; State.ROMCATCH     ; 0             ; 0            ; 0                  ; 0             ; 1              ; 0             ; 0             ; 0                ; 0                 ; 1          ;
; State.COMPARE      ; 0             ; 0            ; 0                  ; 1             ; 0              ; 0             ; 0             ; 0                ; 0                 ; 1          ;
; State.CHECK4DIGITS ; 0             ; 0            ; 1                  ; 0             ; 0              ; 0             ; 0             ; 0                ; 0                 ; 1          ;
; State.VERIFY       ; 0             ; 1            ; 0                  ; 0             ; 0              ; 0             ; 0             ; 0                ; 0                 ; 1          ;
; State.SUCCESS      ; 1             ; 0            ; 0                  ; 0             ; 0              ; 0             ; 0             ; 0                ; 0                 ; 1          ;
+--------------------+---------------+--------------+--------------------+---------------+----------------+---------------+---------------+------------------+-------------------+------------+


Encoding Type:  One-Hot
+-----------------------------------------------------------------------------------------+
; State Machine - |Lab4_PUTTINTI_Narendhar|Button_Shaper:DUT_Button_Shaper_Password|State ;
+-------------+------------+------------+-------------------------------------------------+
; Name        ; State.INIT ; State.WAIT ; State.PULSE                                     ;
+-------------+------------+------------+-------------------------------------------------+
; State.INIT  ; 0          ; 0          ; 0                                               ;
; State.PULSE ; 1          ; 0          ; 1                                               ;
; State.WAIT  ; 1          ; 1          ; 0                                               ;
+-------------+------------+------------+-------------------------------------------------+


Encoding Type:  One-Hot
+---------------------------------------------------------------------------------------+
; State Machine - |Lab4_PUTTINTI_Narendhar|Button_Shaper:DUT_Button_Shaper_Player|State ;
+-------------+------------+------------+-----------------------------------------------+
; Name        ; State.INIT ; State.WAIT ; State.PULSE                                   ;
+-------------+------------+------------+-----------------------------------------------+
; State.INIT  ; 0          ; 0          ; 0                                             ;
; State.PULSE ; 1          ; 0          ; 1                                             ;
; State.WAIT  ; 1          ; 1          ; 0                                             ;
+-------------+------------+------------+-----------------------------------------------+


+---------------------------------------------------------------------------------------------------------------------------------------------------------------------------------------------------------------------------------------------------------------------------------+
; Registers Removed During Synthesis                                                                                                                                                                                                                                              ;
+-----------------------------------------------------------------------------------------------------------------------------------+---------------------------------------------------------------------------------------------------------------------------------------------+
; Register name                                                                                                                     ; Reason for Removal                                                                                                                          ;
+-----------------------------------------------------------------------------------------------------------------------------------+---------------------------------------------------------------------------------------------------------------------------------------------+
; Access_Controller:DUT_Access_Controller|Authentication:DUT_Authentication|ROM_Authentication:DUT_ROM_Authentication|ROM_Addr[3,4] ; Merged with Access_Controller:DUT_Access_Controller|Authentication:DUT_Authentication|ROM_Authentication:DUT_ROM_Authentication|ROM_Addr[2] ;
; Access_Controller:DUT_Access_Controller|Authentication:DUT_Authentication|ROM_Authentication:DUT_ROM_Authentication|ROM_Addr[2]   ; Stuck at GND due to stuck port data_in                                                                                                      ;
; Access_Controller:DUT_Access_Controller|Game_Controller:DUT_Game_Controller|State~2                                               ; Lost fanout                                                                                                                                 ;
; Access_Controller:DUT_Access_Controller|Game_Controller:DUT_Game_Controller|State~3                                               ; Lost fanout                                                                                                                                 ;
; Access_Controller:DUT_Access_Controller|Game_Controller:DUT_Game_Controller|State~4                                               ; Lost fanout                                                                                                                                 ;
; Access_Controller:DUT_Access_Controller|Game_Controller:DUT_Game_Controller|State~5                                               ; Lost fanout                                                                                                                                 ;
; Access_Controller:DUT_Access_Controller|Authentication:DUT_Authentication|ROM_Authentication:DUT_ROM_Authentication|State~2       ; Lost fanout                                                                                                                                 ;
; Access_Controller:DUT_Access_Controller|Authentication:DUT_Authentication|ROM_Authentication:DUT_ROM_Authentication|State~3       ; Lost fanout                                                                                                                                 ;
; Access_Controller:DUT_Access_Controller|Authentication:DUT_Authentication|ROM_Authentication:DUT_ROM_Authentication|State~4       ; Lost fanout                                                                                                                                 ;
; Access_Controller:DUT_Access_Controller|Authentication:DUT_Authentication|ROM_Authentication:DUT_ROM_Authentication|State~5       ; Lost fanout                                                                                                                                 ;
; Button_Shaper:DUT_Button_Shaper_Password|State.WAIT                                                                               ; Lost fanout                                                                                                                                 ;
; Button_Shaper:DUT_Button_Shaper_Player|State.WAIT                                                                                 ; Lost fanout                                                                                                                                 ;
; Total Number of Removed Registers = 13                                                                                            ;                                                                                                                                             ;
+-----------------------------------------------------------------------------------------------------------------------------------+---------------------------------------------------------------------------------------------------------------------------------------------+


+------------------------------------------------------+
; General Register Statistics                          ;
+----------------------------------------------+-------+
; Statistic                                    ; Value ;
+----------------------------------------------+-------+
; Total registers                              ; 86    ;
; Number of registers using Synchronous Clear  ; 35    ;
; Number of registers using Synchronous Load   ; 4     ;
; Number of registers using Asynchronous Clear ; 0     ;
; Number of registers using Asynchronous Load  ; 0     ;
; Number of registers using Clock Enable       ; 37    ;
; Number of registers using Preset             ; 0     ;
+----------------------------------------------+-------+


+-----------------------------------------------------------------------------------------------------------------------------------------------------------------------------------------------------------------------------------------------------------------------+
; Multiplexer Restructuring Statistics (Restructuring Performed)                                                                                                                                                                                                        ;
+--------------------+-----------+---------------+----------------------+------------------------+------------+---------------------------------------------------------------------------------------------------------------------------------------------------------+
; Multiplexer Inputs ; Bus Width ; Baseline Area ; Area if Restructured ; Saving if Restructured ; Registered ; Example Multiplexer Output                                                                                                                              ;
+--------------------+-----------+---------------+----------------------+------------------------+------------+---------------------------------------------------------------------------------------------------------------------------------------------------------+
; 3:1                ; 4 bits    ; 8 LEs         ; 4 LEs                ; 4 LEs                  ; Yes        ; |Lab4_PUTTINTI_Narendhar|LoadRegister:DUT_LoadRegister|D_out[0]                                                                                         ;
; 3:1                ; 4 bits    ; 8 LEs         ; 4 LEs                ; 4 LEs                  ; Yes        ; |Lab4_PUTTINTI_Narendhar|RNG:DUT_RNG|Counter_LFSR:DUT_Counter_LFSR|LFSR[0]                                                                              ;
; 4:1                ; 4 bits    ; 8 LEs         ; 8 LEs                ; 0 LEs                  ; Yes        ; |Lab4_PUTTINTI_Narendhar|TwoDigitTimer:DUT_Timer|OneSecTimer:DUT_OneSecTimer|CountTo10:DUT_CountTo10|Count[3]                                           ;
; 4:1                ; 7 bits    ; 14 LEs        ; 14 LEs               ; 0 LEs                  ; Yes        ; |Lab4_PUTTINTI_Narendhar|TwoDigitTimer:DUT_Timer|OneSecTimer:DUT_OneSecTimer|HundredmsTimer:DUT_HundredmsTimer|CountTo100:DUT_CountTo100|Count[5]       ;
; 4:1                ; 16 bits   ; 32 LEs        ; 32 LEs               ; 0 LEs                  ; Yes        ; |Lab4_PUTTINTI_Narendhar|TwoDigitTimer:DUT_Timer|OneSecTimer:DUT_OneSecTimer|HundredmsTimer:DUT_HundredmsTimer|Timer1ms_LFSR:DUT_Timer1ms_LFSR|LFSR[11] ;
; 6:1                ; 4 bits    ; 16 LEs        ; 8 LEs                ; 8 LEs                  ; Yes        ; |Lab4_PUTTINTI_Narendhar|TwoDigitTimer:DUT_Timer|DigitTimer:DUT_DigitTimer_10s|DigitCount[0]                                                            ;
; 7:1                ; 4 bits    ; 16 LEs        ; 16 LEs               ; 0 LEs                  ; Yes        ; |Lab4_PUTTINTI_Narendhar|TwoDigitTimer:DUT_Timer|DigitTimer:DUT_DigitTimer_1s|DigitCount[2]                                                             ;
+--------------------+-----------+---------------+----------------------+------------------------+------------+---------------------------------------------------------------------------------------------------------------------------------------------------------+


+---------------------------------------------------------------------------------------------------------------------------------------------------------------------------------------+
; Source assignments for Access_Controller:DUT_Access_Controller|Authentication:DUT_Authentication|ROM_PSWD:DUT_ROM_PSWD|altsyncram:altsyncram_component|altsyncram_f3h1:auto_generated ;
+---------------------------------+--------------------+------+-------------------------------------------------------------------------------------------------------------------------+
; Assignment                      ; Value              ; From ; To                                                                                                                      ;
+---------------------------------+--------------------+------+-------------------------------------------------------------------------------------------------------------------------+
; OPTIMIZE_POWER_DURING_SYNTHESIS ; NORMAL_COMPILATION ; -    ; -                                                                                                                       ;
+---------------------------------+--------------------+------+-------------------------------------------------------------------------------------------------------------------------+


+-------------------------------------------------------------------------------------+
; Parameter Settings for User Entity Instance: Button_Shaper:DUT_Button_Shaper_Player ;
+----------------+-------+------------------------------------------------------------+
; Parameter Name ; Value ; Type                                                       ;
+----------------+-------+------------------------------------------------------------+
; INIT           ; 0     ; Signed Integer                                             ;
; PULSE          ; 1     ; Signed Integer                                             ;
; WAIT           ; 2     ; Signed Integer                                             ;
+----------------+-------+------------------------------------------------------------+
Note: In order to hide this table in the UI and the text report file, please set the "Show Parameter Settings in Synthesis Report" option in "Analysis and Synthesis Settings -> More Settings" to "Off".


+---------------------------------------------------------------------------------------+
; Parameter Settings for User Entity Instance: Button_Shaper:DUT_Button_Shaper_Password ;
+----------------+-------+--------------------------------------------------------------+
; Parameter Name ; Value ; Type                                                         ;
+----------------+-------+--------------------------------------------------------------+
; INIT           ; 0     ; Signed Integer                                               ;
; PULSE          ; 1     ; Signed Integer                                               ;
; WAIT           ; 2     ; Signed Integer                                               ;
+----------------+-------+--------------------------------------------------------------+
Note: In order to hide this table in the UI and the text report file, please set the "Show Parameter Settings in Synthesis Report" option in "Analysis and Synthesis Settings -> More Settings" to "Off".


+------------------------------------------------------------------------------------------------------------------------------------------------------------------+
; Parameter Settings for User Entity Instance: Access_Controller:DUT_Access_Controller|Authentication:DUT_Authentication|ROM_Authentication:DUT_ROM_Authentication ;
+----------------+-------+-----------------------------------------------------------------------------------------------------------------------------------------+
; Parameter Name ; Value ; Type                                                                                                                                    ;
+----------------+-------+-----------------------------------------------------------------------------------------------------------------------------------------+
; INIT           ; 0     ; Signed Integer                                                                                                                          ;
; CHECKBUTTON    ; 1     ; Signed Integer                                                                                                                          ;
; FETCHROMWD     ; 2     ; Signed Integer                                                                                                                          ;
; ROMCYC1        ; 3     ; Signed Integer                                                                                                                          ;
; ROMCYC2        ; 4     ; Signed Integer                                                                                                                          ;
; ROMCATCH       ; 5     ; Signed Integer                                                                                                                          ;
; COMPARE        ; 6     ; Signed Integer                                                                                                                          ;
; CHECK4DIGITS   ; 7     ; Signed Integer                                                                                                                          ;
; VERIFY         ; 8     ; Signed Integer                                                                                                                          ;
; SUCCESS        ; 9     ; Signed Integer                                                                                                                          ;
+----------------+-------+-----------------------------------------------------------------------------------------------------------------------------------------+
Note: In order to hide this table in the UI and the text report file, please set the "Show Parameter Settings in Synthesis Report" option in "Analysis and Synthesis Settings -> More Settings" to "Off".


+------------------------------------------------------------------------------------------------------------------------------------------------------------------------------+
; Parameter Settings for User Entity Instance: Access_Controller:DUT_Access_Controller|Authentication:DUT_Authentication|ROM_PSWD:DUT_ROM_PSWD|altsyncram:altsyncram_component ;
+------------------------------------+-----------------------------+-----------------------------------------------------------------------------------------------------------+
; Parameter Name                     ; Value                       ; Type                                                                                                      ;
+------------------------------------+-----------------------------+-----------------------------------------------------------------------------------------------------------+
; BYTE_SIZE_BLOCK                    ; 8                           ; Untyped                                                                                                   ;
; AUTO_CARRY_CHAINS                  ; ON                          ; AUTO_CARRY                                                                                                ;
; IGNORE_CARRY_BUFFERS               ; OFF                         ; IGNORE_CARRY                                                                                              ;
; AUTO_CASCADE_CHAINS                ; ON                          ; AUTO_CASCADE                                                                                              ;
; IGNORE_CASCADE_BUFFERS             ; OFF                         ; IGNORE_CASCADE                                                                                            ;
; WIDTH_BYTEENA                      ; 1                           ; Untyped                                                                                                   ;
; OPERATION_MODE                     ; ROM                         ; Untyped                                                                                                   ;
; WIDTH_A                            ; 4                           ; Signed Integer                                                                                            ;
; WIDTHAD_A                          ; 5                           ; Signed Integer                                                                                            ;
; NUMWORDS_A                         ; 32                          ; Signed Integer                                                                                            ;
; OUTDATA_REG_A                      ; CLOCK0                      ; Untyped                                                                                                   ;
; ADDRESS_ACLR_A                     ; NONE                        ; Untyped                                                                                                   ;
; OUTDATA_ACLR_A                     ; NONE                        ; Untyped                                                                                                   ;
; WRCONTROL_ACLR_A                   ; NONE                        ; Untyped                                                                                                   ;
; INDATA_ACLR_A                      ; NONE                        ; Untyped                                                                                                   ;
; BYTEENA_ACLR_A                     ; NONE                        ; Untyped                                                                                                   ;
; WIDTH_B                            ; 1                           ; Untyped                                                                                                   ;
; WIDTHAD_B                          ; 1                           ; Untyped                                                                                                   ;
; NUMWORDS_B                         ; 1                           ; Untyped                                                                                                   ;
; INDATA_REG_B                       ; CLOCK1                      ; Untyped                                                                                                   ;
; WRCONTROL_WRADDRESS_REG_B          ; CLOCK1                      ; Untyped                                                                                                   ;
; RDCONTROL_REG_B                    ; CLOCK1                      ; Untyped                                                                                                   ;
; ADDRESS_REG_B                      ; CLOCK1                      ; Untyped                                                                                                   ;
; OUTDATA_REG_B                      ; UNREGISTERED                ; Untyped                                                                                                   ;
; BYTEENA_REG_B                      ; CLOCK1                      ; Untyped                                                                                                   ;
; INDATA_ACLR_B                      ; NONE                        ; Untyped                                                                                                   ;
; WRCONTROL_ACLR_B                   ; NONE                        ; Untyped                                                                                                   ;
; ADDRESS_ACLR_B                     ; NONE                        ; Untyped                                                                                                   ;
; OUTDATA_ACLR_B                     ; NONE                        ; Untyped                                                                                                   ;
; RDCONTROL_ACLR_B                   ; NONE                        ; Untyped                                                                                                   ;
; BYTEENA_ACLR_B                     ; NONE                        ; Untyped                                                                                                   ;
; WIDTH_BYTEENA_A                    ; 1                           ; Signed Integer                                                                                            ;
; WIDTH_BYTEENA_B                    ; 1                           ; Untyped                                                                                                   ;
; RAM_BLOCK_TYPE                     ; AUTO                        ; Untyped                                                                                                   ;
; BYTE_SIZE                          ; 8                           ; Untyped                                                                                                   ;
; READ_DURING_WRITE_MODE_MIXED_PORTS ; DONT_CARE                   ; Untyped                                                                                                   ;
; READ_DURING_WRITE_MODE_PORT_A      ; NEW_DATA_NO_NBE_READ        ; Untyped                                                                                                   ;
; READ_DURING_WRITE_MODE_PORT_B      ; NEW_DATA_NO_NBE_READ        ; Untyped                                                                                                   ;
; INIT_FILE                          ; Lab4_PUTTINTI_Narendhar.hex ; Untyped                                                                                                   ;
; INIT_FILE_LAYOUT                   ; PORT_A                      ; Untyped                                                                                                   ;
; MAXIMUM_DEPTH                      ; 0                           ; Untyped                                                                                                   ;
; CLOCK_ENABLE_INPUT_A               ; BYPASS                      ; Untyped                                                                                                   ;
; CLOCK_ENABLE_INPUT_B               ; NORMAL                      ; Untyped                                                                                                   ;
; CLOCK_ENABLE_OUTPUT_A              ; BYPASS                      ; Untyped                                                                                                   ;
; CLOCK_ENABLE_OUTPUT_B              ; NORMAL                      ; Untyped                                                                                                   ;
; CLOCK_ENABLE_CORE_A                ; USE_INPUT_CLKEN             ; Untyped                                                                                                   ;
; CLOCK_ENABLE_CORE_B                ; USE_INPUT_CLKEN             ; Untyped                                                                                                   ;
; ENABLE_ECC                         ; FALSE                       ; Untyped                                                                                                   ;
; ECC_PIPELINE_STAGE_ENABLED         ; FALSE                       ; Untyped                                                                                                   ;
; WIDTH_ECCSTATUS                    ; 3                           ; Untyped                                                                                                   ;
; DEVICE_FAMILY                      ; Cyclone V                   ; Untyped                                                                                                   ;
; CBXI_PARAMETER                     ; altsyncram_f3h1             ; Untyped                                                                                                   ;
+------------------------------------+-----------------------------+-----------------------------------------------------------------------------------------------------------+
Note: In order to hide this table in the UI and the text report file, please set the "Show Parameter Settings in Synthesis Report" option in "Analysis and Synthesis Settings -> More Settings" to "Off".


+--------------------------------------------------------------------------------------------------------------------------+
; Parameter Settings for User Entity Instance: Access_Controller:DUT_Access_Controller|Game_Controller:DUT_Game_Controller ;
+----------------+-------+-------------------------------------------------------------------------------------------------+
; Parameter Name ; Value ; Type                                                                                            ;
+----------------+-------+-------------------------------------------------------------------------------------------------+
; INIT           ; 0     ; Signed Integer                                                                                  ;
; RECONFIGTIMER  ; 1     ; Signed Integer                                                                                  ;
; GAMESTART      ; 2     ; Signed Integer                                                                                  ;
; GAMEPLAY       ; 3     ; Signed Integer                                                                                  ;
; GAMEOVER       ; 4     ; Signed Integer                                                                                  ;
; LOGOUTWAIT     ; 5     ; Signed Integer                                                                                  ;
+----------------+-------+-------------------------------------------------------------------------------------------------+
Note: In order to hide this table in the UI and the text report file, please set the "Show Parameter Settings in Synthesis Report" option in "Analysis and Synthesis Settings -> More Settings" to "Off".


+-----------------------------------------------------------------------------------------------------------------------------------------------------------------------------+
; altsyncram Parameter Settings by Entity Instance                                                                                                                            ;
+-------------------------------------------+---------------------------------------------------------------------------------------------------------------------------------+
; Name                                      ; Value                                                                                                                           ;
+-------------------------------------------+---------------------------------------------------------------------------------------------------------------------------------+
; Number of entity instances                ; 1                                                                                                                               ;
; Entity Instance                           ; Access_Controller:DUT_Access_Controller|Authentication:DUT_Authentication|ROM_PSWD:DUT_ROM_PSWD|altsyncram:altsyncram_component ;
;     -- OPERATION_MODE                     ; ROM                                                                                                                             ;
;     -- WIDTH_A                            ; 4                                                                                                                               ;
;     -- NUMWORDS_A                         ; 32                                                                                                                              ;
;     -- OUTDATA_REG_A                      ; CLOCK0                                                                                                                          ;
;     -- WIDTH_B                            ; 1                                                                                                                               ;
;     -- NUMWORDS_B                         ; 1                                                                                                                               ;
;     -- ADDRESS_REG_B                      ; CLOCK1                                                                                                                          ;
;     -- OUTDATA_REG_B                      ; UNREGISTERED                                                                                                                    ;
;     -- RAM_BLOCK_TYPE                     ; AUTO                                                                                                                            ;
;     -- READ_DURING_WRITE_MODE_MIXED_PORTS ; DONT_CARE                                                                                                                       ;
+-------------------------------------------+---------------------------------------------------------------------------------------------------------------------------------+


+----------------------------------------------------------------------------------------------------------------------+
; Port Connectivity Checks: "TwoDigitTimer:DUT_Timer|DigitTimer:DUT_DigitTimer_10s"                                    ;
+------------+--------+----------+-------------------------------------------------------------------------------------+
; Port       ; Type   ; Severity ; Details                                                                             ;
+------------+--------+----------+-------------------------------------------------------------------------------------+
; NoBorrowUp ; Input  ; Info     ; Stuck at VCC                                                                        ;
; BorrowUp   ; Output ; Info     ; Connected to dangling logic. Logic that only feeds a dangling port will be removed. ;
+------------+--------+----------+-------------------------------------------------------------------------------------+


+-----------------------------------------------------+
; Post-Synthesis Netlist Statistics for Top Partition ;
+-----------------------+-----------------------------+
; Type                  ; Count                       ;
+-----------------------+-----------------------------+
; arriav_ff             ; 86                          ;
;     ENA               ; 27                          ;
;     ENA SCLR          ; 10                          ;
;     SCLR              ; 25                          ;
;     SLD               ; 4                           ;
;     plain             ; 20                          ;
; arriav_lcell_comb     ; 149                         ;
;     arith             ; 11                          ;
;         1 data inputs ; 7                           ;
;         2 data inputs ; 4                           ;
;     normal            ; 138                         ;
;         1 data inputs ; 7                           ;
;         2 data inputs ; 32                          ;
;         3 data inputs ; 7                           ;
;         4 data inputs ; 60                          ;
;         5 data inputs ; 18                          ;
;         6 data inputs ; 14                          ;
; boundary_port         ; 52                          ;
; stratixv_ram_block    ; 4                           ;
;                       ;                             ;
; Max LUT depth         ; 3.30                        ;
; Average LUT depth     ; 1.52                        ;
+-----------------------+-----------------------------+


+-------------------------------+
; Elapsed Time Per Partition    ;
+----------------+--------------+
; Partition Name ; Elapsed Time ;
+----------------+--------------+
; Top            ; 00:00:00     ;
+----------------+--------------+


+-------------------------------+
; Analysis & Synthesis Messages ;
+-------------------------------+
Info: *******************************************************************
Info: Running Quartus Prime Analysis & Synthesis
    Info: Version 23.1std.0 Build 991 11/28/2023 SC Lite Edition
    Info: Processing started: Wed Apr  8 12:43:26 2026
Info: Command: quartus_map --read_settings_files=on --write_settings_files=off Lab4_PUTTINTI_Narendhar -c Lab4_PUTTINTI_Narendhar
Warning (18236): Number of processors has not been specified which may cause overloading on shared machines.  Set the global assignment NUM_PARALLEL_PROCESSORS in your QSF to an appropriate value for best performance.
Info (20030): Parallel compilation is enabled and will use 2 of the 2 processors detected
Info (12021): Found 1 design units, including 1 entities, in source file /users/chima/onedrive/desktop/add_lab/lab4_puttinti_narendhar/src/counter_lfsr.v
    Info (12023): Found entity 1: Counter_LFSR File: C:/Users/chima/OneDrive/Desktop/ADD_LAB/Lab4_PUTTINTI_Narendhar/src/Counter_LFSR.v Line: 7
Info (12021): Found 1 design units, including 1 entities, in source file /users/chima/onedrive/desktop/add_lab/lab4_puttinti_narendhar/src/verify_sum.v
    Info (12023): Found entity 1: Verify_Sum File: C:/Users/chima/OneDrive/Desktop/ADD_LAB/Lab4_PUTTINTI_Narendhar/src/Verify_Sum.v Line: 7
Info (12021): Found 1 design units, including 1 entities, in source file /users/chima/onedrive/desktop/add_lab/lab4_puttinti_narendhar/src/twodigittimer.v
    Info (12023): Found entity 1: TwoDigitTimer File: C:/Users/chima/OneDrive/Desktop/ADD_LAB/Lab4_PUTTINTI_Narendhar/src/TwoDigitTimer.v Line: 6
Info (12021): Found 1 design units, including 1 entities, in source file /users/chima/onedrive/desktop/add_lab/lab4_puttinti_narendhar/src/timer1ms_lfsr.v
    Info (12023): Found entity 1: Timer1ms_LFSR File: C:/Users/chima/OneDrive/Desktop/ADD_LAB/Lab4_PUTTINTI_Narendhar/src/Timer1ms_LFSR.v Line: 8
Info (12021): Found 1 design units, including 1 entities, in source file /users/chima/onedrive/desktop/add_lab/lab4_puttinti_narendhar/src/rom_authentication.v
    Info (12023): Found entity 1: ROM_Authentication File: C:/Users/chima/OneDrive/Desktop/ADD_LAB/Lab4_PUTTINTI_Narendhar/src/ROM_Authentication.v Line: 10
Info (12021): Found 1 design units, including 1 entities, in source file /users/chima/onedrive/desktop/add_lab/lab4_puttinti_narendhar/src/rng.v
    Info (12023): Found entity 1: RNG File: C:/Users/chima/OneDrive/Desktop/ADD_LAB/Lab4_PUTTINTI_Narendhar/src/RNG.v Line: 6
Info (12021): Found 1 design units, including 1 entities, in source file /users/chima/onedrive/desktop/add_lab/lab4_puttinti_narendhar/src/onesectimer.v
    Info (12023): Found entity 1: OneSecTimer File: C:/Users/chima/OneDrive/Desktop/ADD_LAB/Lab4_PUTTINTI_Narendhar/src/OneSecTimer.v Line: 7
Info (12021): Found 1 design units, including 1 entities, in source file /users/chima/onedrive/desktop/add_lab/lab4_puttinti_narendhar/src/loadregister.v
    Info (12023): Found entity 1: LoadRegister File: C:/Users/chima/OneDrive/Desktop/ADD_LAB/Lab4_PUTTINTI_Narendhar/src/LoadRegister.v Line: 8
Info (12021): Found 1 design units, including 1 entities, in source file /users/chima/onedrive/desktop/add_lab/lab4_puttinti_narendhar/src/lab4_puttinti_narendhar.v
    Info (12023): Found entity 1: Lab4_PUTTINTI_Narendhar File: C:/Users/chima/OneDrive/Desktop/ADD_LAB/Lab4_PUTTINTI_Narendhar/src/Lab4_PUTTINTI_Narendhar.v Line: 7
Info (12021): Found 1 design units, including 1 entities, in source file /users/chima/onedrive/desktop/add_lab/lab4_puttinti_narendhar/src/hundredmstimer.v
    Info (12023): Found entity 1: HundredmsTimer File: C:/Users/chima/OneDrive/Desktop/ADD_LAB/Lab4_PUTTINTI_Narendhar/src/HundredmsTimer.v Line: 6
Info (12021): Found 1 design units, including 1 entities, in source file /users/chima/onedrive/desktop/add_lab/lab4_puttinti_narendhar/src/game_controller.v
    Info (12023): Found entity 1: Game_Controller File: C:/Users/chima/OneDrive/Desktop/ADD_LAB/Lab4_PUTTINTI_Narendhar/src/Game_Controller.v Line: 10
Info (12021): Found 1 design units, including 1 entities, in source file /users/chima/onedrive/desktop/add_lab/lab4_puttinti_narendhar/src/digittimer.v
    Info (12023): Found entity 1: DigitTimer File: C:/Users/chima/OneDrive/Desktop/ADD_LAB/Lab4_PUTTINTI_Narendhar/src/DigitTimer.v Line: 8
Info (12021): Found 1 design units, including 1 entities, in source file /users/chima/onedrive/desktop/add_lab/lab4_puttinti_narendhar/src/decoder_7seg.v
    Info (12023): Found entity 1: Decoder_7seg File: C:/Users/chima/OneDrive/Desktop/ADD_LAB/Lab4_PUTTINTI_Narendhar/src/Decoder_7seg.v Line: 9
Info (12021): Found 1 design units, including 1 entities, in source file /users/chima/onedrive/desktop/add_lab/lab4_puttinti_narendhar/src/countto100.v
    Info (12023): Found entity 1: CountTo100 File: C:/Users/chima/OneDrive/Desktop/ADD_LAB/Lab4_PUTTINTI_Narendhar/src/CountTo100.v Line: 6
Info (12021): Found 1 design units, including 1 entities, in source file /users/chima/onedrive/desktop/add_lab/lab4_puttinti_narendhar/src/countto10.v
    Info (12023): Found entity 1: CountTo10 File: C:/Users/chima/OneDrive/Desktop/ADD_LAB/Lab4_PUTTINTI_Narendhar/src/CountTo10.v Line: 6
Info (12021): Found 1 design units, including 1 entities, in source file /users/chima/onedrive/desktop/add_lab/lab4_puttinti_narendhar/src/button_shaper.v
    Info (12023): Found entity 1: Button_Shaper File: C:/Users/chima/OneDrive/Desktop/ADD_LAB/Lab4_PUTTINTI_Narendhar/src/Button_Shaper.v Line: 9
Info (12021): Found 1 design units, including 1 entities, in source file /users/chima/onedrive/desktop/add_lab/lab4_puttinti_narendhar/src/authentication.v
    Info (12023): Found entity 1: Authentication File: C:/Users/chima/OneDrive/Desktop/ADD_LAB/Lab4_PUTTINTI_Narendhar/src/Authentication.v Line: 7
Info (12021): Found 1 design units, including 1 entities, in source file /users/chima/onedrive/desktop/add_lab/lab4_puttinti_narendhar/src/adder.v
    Info (12023): Found entity 1: Adder File: C:/Users/chima/OneDrive/Desktop/ADD_LAB/Lab4_PUTTINTI_Narendhar/src/Adder.v Line: 8
Info (12021): Found 1 design units, including 1 entities, in source file /users/chima/onedrive/desktop/add_lab/lab4_puttinti_narendhar/src/access_controller.v
    Info (12023): Found entity 1: Access_Controller File: C:/Users/chima/OneDrive/Desktop/ADD_LAB/Lab4_PUTTINTI_Narendhar/src/Access_Controller.v Line: 9
Info (12021): Found 1 design units, including 1 entities, in source file rom_pswd.v
    Info (12023): Found entity 1: ROM_PSWD File: C:/Users/chima/OneDrive/Desktop/ADD_LAB/Lab4_PUTTINTI_Narendhar/syn/ROM_PSWD.v Line: 40
Info (12127): Elaborating entity "Lab4_PUTTINTI_Narendhar" for the top level hierarchy
Info (12128): Elaborating entity "Button_Shaper" for hierarchy "Button_Shaper:DUT_Button_Shaper_Player" File: C:/Users/chima/OneDrive/Desktop/ADD_LAB/Lab4_PUTTINTI_Narendhar/src/Lab4_PUTTINTI_Narendhar.v Line: 18
Info (12128): Elaborating entity "Access_Controller" for hierarchy "Access_Controller:DUT_Access_Controller" File: C:/Users/chima/OneDrive/Desktop/ADD_LAB/Lab4_PUTTINTI_Narendhar/src/Lab4_PUTTINTI_Narendhar.v Line: 21
Info (12128): Elaborating entity "Authentication" for hierarchy "Access_Controller:DUT_Access_Controller|Authentication:DUT_Authentication" File: C:/Users/chima/OneDrive/Desktop/ADD_LAB/Lab4_PUTTINTI_Narendhar/src/Access_Controller.v Line: 17
Info (12128): Elaborating entity "ROM_Authentication" for hierarchy "Access_Controller:DUT_Access_Controller|Authentication:DUT_Authentication|ROM_Authentication:DUT_ROM_Authentication" File: C:/Users/chima/OneDrive/Desktop/ADD_LAB/Lab4_PUTTINTI_Narendhar/src/Authentication.v Line: 16
Info (12128): Elaborating entity "ROM_PSWD" for hierarchy "Access_Controller:DUT_Access_Controller|Authentication:DUT_Authentication|ROM_PSWD:DUT_ROM_PSWD" File: C:/Users/chima/OneDrive/Desktop/ADD_LAB/Lab4_PUTTINTI_Narendhar/src/Authentication.v Line: 17
Info (12128): Elaborating entity "altsyncram" for hierarchy "Access_Controller:DUT_Access_Controller|Authentication:DUT_Authentication|ROM_PSWD:DUT_ROM_PSWD|altsyncram:altsyncram_component" File: C:/Users/chima/OneDrive/Desktop/ADD_LAB/Lab4_PUTTINTI_Narendhar/syn/ROM_PSWD.v Line: 82
Info (12130): Elaborated megafunction instantiation "Access_Controller:DUT_Access_Controller|Authentication:DUT_Authentication|ROM_PSWD:DUT_ROM_PSWD|altsyncram:altsyncram_component" File: C:/Users/chima/OneDrive/Desktop/ADD_LAB/Lab4_PUTTINTI_Narendhar/syn/ROM_PSWD.v Line: 82
Info (12133): Instantiated megafunction "Access_Controller:DUT_Access_Controller|Authentication:DUT_Authentication|ROM_PSWD:DUT_ROM_PSWD|altsyncram:altsyncram_component" with the following parameter: File: C:/Users/chima/OneDrive/Desktop/ADD_LAB/Lab4_PUTTINTI_Narendhar/syn/ROM_PSWD.v Line: 82
    Info (12134): Parameter "address_aclr_a" = "NONE"
    Info (12134): Parameter "clock_enable_input_a" = "BYPASS"
    Info (12134): Parameter "clock_enable_output_a" = "BYPASS"
    Info (12134): Parameter "init_file" = "Lab4_PUTTINTI_Narendhar.hex"
    Info (12134): Parameter "intended_device_family" = "Cyclone V"
    Info (12134): Parameter "lpm_hint" = "ENABLE_RUNTIME_MOD=NO"
    Info (12134): Parameter "lpm_type" = "altsyncram"
    Info (12134): Parameter "numwords_a" = "32"
    Info (12134): Parameter "operation_mode" = "ROM"
    Info (12134): Parameter "outdata_aclr_a" = "NONE"
    Info (12134): Parameter "outdata_reg_a" = "CLOCK0"
    Info (12134): Parameter "widthad_a" = "5"
    Info (12134): Parameter "width_a" = "4"
    Info (12134): Parameter "width_byteena_a" = "1"
Info (12021): Found 1 design units, including 1 entities, in source file db/altsyncram_f3h1.tdf
    Info (12023): Found entity 1: altsyncram_f3h1 File: C:/Users/chima/OneDrive/Desktop/ADD_LAB/Lab4_PUTTINTI_Narendhar/syn/db/altsyncram_f3h1.tdf Line: 28
Info (12128): Elaborating entity "altsyncram_f3h1" for hierarchy "Access_Controller:DUT_Access_Controller|Authentication:DUT_Authentication|ROM_PSWD:DUT_ROM_PSWD|altsyncram:altsyncram_component|altsyncram_f3h1:auto_generated" File: c:/intelfpga_lite/23.1std/quartus/libraries/megafunctions/altsyncram.tdf Line: 792
Info (12128): Elaborating entity "Game_Controller" for hierarchy "Access_Controller:DUT_Access_Controller|Game_Controller:DUT_Game_Controller" File: C:/Users/chima/OneDrive/Desktop/ADD_LAB/Lab4_PUTTINTI_Narendhar/src/Access_Controller.v Line: 18
Info (12128): Elaborating entity "LoadRegister" for hierarchy "LoadRegister:DUT_LoadRegister" File: C:/Users/chima/OneDrive/Desktop/ADD_LAB/Lab4_PUTTINTI_Narendhar/src/Lab4_PUTTINTI_Narendhar.v Line: 23
Info (12128): Elaborating entity "RNG" for hierarchy "RNG:DUT_RNG" File: C:/Users/chima/OneDrive/Desktop/ADD_LAB/Lab4_PUTTINTI_Narendhar/src/Lab4_PUTTINTI_Narendhar.v Line: 25
Info (12128): Elaborating entity "Counter_LFSR" for hierarchy "RNG:DUT_RNG|Counter_LFSR:DUT_Counter_LFSR" File: C:/Users/chima/OneDrive/Desktop/ADD_LAB/Lab4_PUTTINTI_Narendhar/src/RNG.v Line: 15
Info (12128): Elaborating entity "TwoDigitTimer" for hierarchy "TwoDigitTimer:DUT_Timer" File: C:/Users/chima/OneDrive/Desktop/ADD_LAB/Lab4_PUTTINTI_Narendhar/src/Lab4_PUTTINTI_Narendhar.v Line: 27
Info (12128): Elaborating entity "OneSecTimer" for hierarchy "TwoDigitTimer:DUT_Timer|OneSecTimer:DUT_OneSecTimer" File: C:/Users/chima/OneDrive/Desktop/ADD_LAB/Lab4_PUTTINTI_Narendhar/src/TwoDigitTimer.v Line: 13
Info (12128): Elaborating entity "HundredmsTimer" for hierarchy "TwoDigitTimer:DUT_Timer|OneSecTimer:DUT_OneSecTimer|HundredmsTimer:DUT_HundredmsTimer" File: C:/Users/chima/OneDrive/Desktop/ADD_LAB/Lab4_PUTTINTI_Narendhar/src/OneSecTimer.v Line: 12
Info (12128): Elaborating entity "Timer1ms_LFSR" for hierarchy "TwoDigitTimer:DUT_Timer|OneSecTimer:DUT_OneSecTimer|HundredmsTimer:DUT_HundredmsTimer|Timer1ms_LFSR:DUT_Timer1ms_LFSR" File: C:/Users/chima/OneDrive/Desktop/ADD_LAB/Lab4_PUTTINTI_Narendhar/src/HundredmsTimer.v Line: 12
Info (12128): Elaborating entity "CountTo100" for hierarchy "TwoDigitTimer:DUT_Timer|OneSecTimer:DUT_OneSecTimer|HundredmsTimer:DUT_HundredmsTimer|CountTo100:DUT_CountTo100" File: C:/Users/chima/OneDrive/Desktop/ADD_LAB/Lab4_PUTTINTI_Narendhar/src/HundredmsTimer.v Line: 13
Info (12128): Elaborating entity "CountTo10" for hierarchy "TwoDigitTimer:DUT_Timer|OneSecTimer:DUT_OneSecTimer|CountTo10:DUT_CountTo10" File: C:/Users/chima/OneDrive/Desktop/ADD_LAB/Lab4_PUTTINTI_Narendhar/src/OneSecTimer.v Line: 13
Info (12128): Elaborating entity "DigitTimer" for hierarchy "TwoDigitTimer:DUT_Timer|DigitTimer:DUT_DigitTimer_1s" File: C:/Users/chima/OneDrive/Desktop/ADD_LAB/Lab4_PUTTINTI_Narendhar/src/TwoDigitTimer.v Line: 15
Info (12128): Elaborating entity "Decoder_7seg" for hierarchy "Decoder_7seg:Decoder_Player" File: C:/Users/chima/OneDrive/Desktop/ADD_LAB/Lab4_PUTTINTI_Narendhar/src/Lab4_PUTTINTI_Narendhar.v Line: 29
Info (12128): Elaborating entity "Adder" for hierarchy "Adder:Adder_Sum" File: C:/Users/chima/OneDrive/Desktop/ADD_LAB/Lab4_PUTTINTI_Narendhar/src/Lab4_PUTTINTI_Narendhar.v Line: 34
Info (12128): Elaborating entity "Verify_Sum" for hierarchy "Verify_Sum:DUT_Verify_Sum" File: C:/Users/chima/OneDrive/Desktop/ADD_LAB/Lab4_PUTTINTI_Narendhar/src/Lab4_PUTTINTI_Narendhar.v Line: 38
Info (286030): Timing-Driven Synthesis is running
Info (17049): 10 registers lost all their fanouts during netlist optimizations.
Info (17036): Removed 3 MSB VCC or GND address nodes from RAM block "Access_Controller:DUT_Access_Controller|Authentication:DUT_Authentication|ROM_PSWD:DUT_ROM_PSWD|altsyncram:altsyncram_component|altsyncram_f3h1:auto_generated|ALTSYNCRAM" File: C:/Users/chima/OneDrive/Desktop/ADD_LAB/Lab4_PUTTINTI_Narendhar/syn/db/altsyncram_f3h1.tdf Line: 32
Info (16010): Generating hard_block partition "hard_block:auto_generated_inst"
    Info (16011): Adding 0 node(s), including 0 DDIO, 0 PLL, 0 transceiver and 0 LCELL
Info (21057): Implemented 202 device resources after synthesis - the final resource count might be different
    Info (21058): Implemented 13 input pins
    Info (21059): Implemented 39 output pins
    Info (21061): Implemented 146 logic cells
    Info (21064): Implemented 4 RAM segments
Info: Quartus Prime Analysis & Synthesis was successful. 0 errors, 1 warning
    Info: Peak virtual memory: 4820 megabytes
    Info: Processing ended: Wed Apr  8 12:43:51 2026
    Info: Elapsed time: 00:00:25
    Info: Total CPU time (on all processors): 00:00:08


