Assembler report for Lab4_PUTTINTI_Narendhar
Wed Apr  8 12:44:35 2026
Quartus Prime Version 23.1std.0 Build 991 11/28/2023 SC Lite Edition


---------------------
; Table of Contents ;
---------------------
  1. Legal Notice
  2. Assembler Summary
  3. Assembler Settings
  4. Assembler Generated Files
  5. Assembler Device Options: C:/Users/chima/OneDrive/Desktop/ADD_LAB/Lab4_PUTTINTI_Narendhar/syn/output_files/Lab4_PUTTINTI_Narendhar.sof
  6. Assembler Device Options: C:/Users/chima/OneDrive/Desktop/ADD_LAB/Lab4_PUTTINTI_Narendhar/syn/output_files/Lab4_PUTTINTI_Narendhar.pof
  7. Assembler Messages



----------------
; Legal Notice ;
----------------
Copyright (C) 2023  Intel Corporation. All rights reserved.
Your use of Intel Corporation's design tools, logic functions 
and other software and tools, and any partner logic 
functions, and any output files from any of the foregoing 
(including device programming or simulation files), and any 
associated documentation or information are expressly subject 
to the terms and conditions of the Intel Program License 
Subscription Agreement, the Intel Quartus Prime License Agreement,
the Intel FPGA IP License Agreement, or other applicable license
agreement, including, without limitation, that your use is for
the sole purpose of programming logic devices manufactured by
Intel and sold by Intel or its authorized distributors.  Please
refer to the applicable agreement for further details, at
https://fpgasoftware.intel.com/eula.



+---------------------------------------------------------------+
; Assembler Summary                                             ;
+-----------------------+---------------------------------------+
; Assembler Status      ; Successful - Wed Apr  8 12:44:35 2026 ;
; Revision Name         ; Lab4_PUTTINTI_Narendhar               ;
; Top-level Entity Name ; Lab4_PUTTINTI_Narendhar               ;
; Family                ; Cyclone V                             ;
; Device                ; 5CEBA4F23C7                           ;
+-----------------------+---------------------------------------+


+----------------------------------+
; Assembler Settings               ;
+--------+---------+---------------+
; Option ; Setting ; Default Value ;
+--------+---------+---------------+


+--------------------------------------------------------------------------------------------------------------+
; Assembler Generated Files                                                                                    ;
+--------------------------------------------------------------------------------------------------------------+
; File Name                                                                                                    ;
+--------------------------------------------------------------------------------------------------------------+
; C:/Users/chima/OneDrive/Desktop/ADD_LAB/Lab4_PUTTINTI_Narendhar/syn/output_files/Lab4_PUTTINTI_Narendhar.sof ;
; C:/Users/chima/OneDrive/Desktop/ADD_LAB/Lab4_PUTTINTI_Narendhar/syn/output_files/Lab4_PUTTINTI_Narendhar.pof ;
+--------------------------------------------------------------------------------------------------------------+


+----------------------------------------------------------------------------------------------------------------------------------------+
; Assembler Device Options: C:/Users/chima/OneDrive/Desktop/ADD_LAB/Lab4_PUTTINTI_Narendhar/syn/output_files/Lab4_PUTTINTI_Narendhar.sof ;
+----------------+-----------------------------------------------------------------------------------------------------------------------+
; Option         ; Setting                                                                                                               ;
+----------------+-----------------------------------------------------------------------------------------------------------------------+
; JTAG usercode  ; 0x00559A23                                                                                                            ;
; Checksum       ; 0x00559A23                                                                                                            ;
+----------------+-----------------------------------------------------------------------------------------------------------------------+


+----------------------------------------------------------------------------------------------------------------------------------------+
; Assembler Device Options: C:/Users/chima/OneDrive/Desktop/ADD_LAB/Lab4_PUTTINTI_Narendhar/syn/output_files/Lab4_PUTTINTI_Narendhar.pof ;
+--------------------+-------------------------------------------------------------------------------------------------------------------+
; Option             ; Setting                                                                                                           ;
+--------------------+-------------------------------------------------------------------------------------------------------------------+
; JTAG usercode      ; 0x00000000                                                                                                        ;
; Checksum           ; 0x74A9429A                                                                                                        ;
; Compression Ratio  ; 3                                                                                                                 ;
+--------------------+-------------------------------------------------------------------------------------------------------------------+


+--------------------+
; Assembler Messages ;
+--------------------+
Info: *******************************************************************
Info: Running Quartus Prime Assembler
    Info: Version 23.1std.0 Build 991 11/28/2023 SC Lite Edition
    Info: Processing started: Wed Apr  8 12:44:30 2026
Info: Command: quartus_asm --read_settings_files=off --write_settings_files=off Lab4_PUTTINTI_Narendhar -c Lab4_PUTTINTI_Narendhar
Warning (18236): Number of processors has not been specified which may cause overloading on shared machines.  Set the global assignment NUM_PARALLEL_PROCESSORS in your QSF to an appropriate value for best performance.
Info (115030): Assembler is generating device programming files
Info: Quartus Prime Assembler was successful. 0 errors, 1 warning
    Info: Peak virtual memory: 4840 megabytes
    Info: Processing ended: Wed Apr  8 12:44:35 2026
    Info: Elapsed time: 00:00:05
    Info: Total CPU time (on all processors): 00:00:02


